This is pdfTeX, Version 3.141592653-2.6-1.40.25 (TeX Live 2023/Debian) (preloaded format=pdflatex 2026.2.21)  11 MAY 2026 08:35
entering extended mode
 restricted \write18 enabled.
 file:line:error style messages enabled.
 %&-line parsing enabled.
**/home/victors/Documents/Dissertacao_Mestrado/latex/main.tex
(/home/victors/Documents/Dissertacao_Mestrado/latex/main.tex
LaTeX2e <2023-11-01> patch level 1
L3 programming layer <2024-01-22>
(/usr/share/texlive/texmf-dist/tex/latex/base/report.cls
Document Class: report 2023/05/17 v1.4n Standard LaTeX document class
(/usr/share/texlive/texmf-dist/tex/latex/base/size12.clo
File: size12.clo 2023/05/17 v1.4n Standard LaTeX file (size option)
)
\c@part=\count187
\c@chapter=\count188
\c@section=\count189
\c@subsection=\count190
\c@subsubsection=\count191
\c@paragraph=\count192
\c@subparagraph=\count193
\c@figure=\count194
\c@table=\count195
\abovecaptionskip=\skip48
\belowcaptionskip=\skip49
\bibindent=\dimen140
) (/usr/share/texlive/texmf-dist/tex/latex/amsfonts/amssymb.sty
Package: amssymb 2013/01/14 v3.01 AMS font symbols
 (/usr/share/texlive/texmf-dist/tex/latex/amsfonts/amsfonts.sty
Package: amsfonts 2013/01/14 v3.01 Basic AMSFonts support
\@emptytoks=\toks17
\symAMSa=\mathgroup4
\symAMSb=\mathgroup5
LaTeX Font Info:    Redeclaring math symbol \hbar on input line 98.
LaTeX Font Info:    Overwriting math alphabet `\mathfrak' in version `bold'
(Font)                  U/euf/m/n --> U/euf/b/n on input line 106.
)) (/usr/share/texlive/texmf-dist/tex/latex/amsmath/amsmath.sty
Package: amsmath 2023/05/13 v2.17o AMS math features
\@mathmargin=\skip50

For additional information on amsmath, use the `?' option.
(/usr/share/texlive/texmf-dist/tex/latex/amsmath/amstext.sty
Package: amstext 2021/08/26 v2.01 AMS text
 (/usr/share/texlive/texmf-dist/tex/latex/amsmath/amsgen.sty
File: amsgen.sty 1999/11/30 v2.0 generic functions
\@emptytoks=\toks18
\ex@=\dimen141
)) (/usr/share/texlive/texmf-dist/tex/latex/amsmath/amsbsy.sty
Package: amsbsy 1999/11/29 v1.2d Bold Symbols
\pmbraise@=\dimen142
) (/usr/share/texlive/texmf-dist/tex/latex/amsmath/amsopn.sty
Package: amsopn 2022/04/08 v2.04 operator names
)
\inf@bad=\count196
LaTeX Info: Redefining \frac on input line 234.
\uproot@=\count197
\leftroot@=\count198
LaTeX Info: Redefining \overline on input line 399.
LaTeX Info: Redefining \colon on input line 410.
\classnum@=\count199
\DOTSCASE@=\count266
LaTeX Info: Redefining \ldots on input line 496.
LaTeX Info: Redefining \dots on input line 499.
LaTeX Info: Redefining \cdots on input line 620.
\Mathstrutbox@=\box51
\strutbox@=\box52
LaTeX Info: Redefining \big on input line 722.
LaTeX Info: Redefining \Big on input line 723.
LaTeX Info: Redefining \bigg on input line 724.
LaTeX Info: Redefining \Bigg on input line 725.
\big@size=\dimen143
LaTeX Font Info:    Redeclaring font encoding OML on input line 743.
LaTeX Font Info:    Redeclaring font encoding OMS on input line 744.
\macc@depth=\count267
LaTeX Info: Redefining \bmod on input line 905.
LaTeX Info: Redefining \pmod on input line 910.
LaTeX Info: Redefining \smash on input line 940.
LaTeX Info: Redefining \relbar on input line 970.
LaTeX Info: Redefining \Relbar on input line 971.
\c@MaxMatrixCols=\count268
\dotsspace@=\muskip16
\c@parentequation=\count269
\dspbrk@lvl=\count270
\tag@help=\toks19
\row@=\count271
\column@=\count272
\maxfields@=\count273
\andhelp@=\toks20
\eqnshift@=\dimen144
\alignsep@=\dimen145
\tagshift@=\dimen146
\tagwidth@=\dimen147
\totwidth@=\dimen148
\lineht@=\dimen149
\@envbody=\toks21
\multlinegap=\skip51
\multlinetaggap=\skip52
\mathdisplay@stack=\toks22
LaTeX Info: Redefining \[ on input line 2953.
LaTeX Info: Redefining \] on input line 2954.
) (/usr/share/texlive/texmf-dist/tex/latex/graphics/graphicx.sty
Package: graphicx 2021/09/16 v1.2d Enhanced LaTeX Graphics (DPC,SPQR)
 (/usr/share/texlive/texmf-dist/tex/latex/graphics/keyval.sty
Package: keyval 2022/05/29 v1.15 key=value parser (DPC)
\KV@toks@=\toks23
) (/usr/share/texlive/texmf-dist/tex/latex/graphics/graphics.sty
Package: graphics 2022/03/10 v1.4e Standard LaTeX Graphics (DPC,SPQR)
 (/usr/share/texlive/texmf-dist/tex/latex/graphics/trig.sty
Package: trig 2021/08/11 v1.11 sin cos tan (DPC)
) (/usr/share/texlive/texmf-dist/tex/latex/graphics-cfg/graphics.cfg
File: graphics.cfg 2016/06/04 v1.11 sample graphics configuration
)
Package graphics Info: Driver file: pdftex.def on input line 107.
 (/usr/share/texlive/texmf-dist/tex/latex/graphics-def/pdftex.def
File: pdftex.def 2022/09/22 v1.2b Graphics/color driver for pdftex
))
\Gin@req@height=\dimen150
\Gin@req@width=\dimen151
) (/usr/share/texlive/texmf-dist/tex/latex/wrapfig/wrapfig.sty
\wrapoverhang=\dimen152
\WF@size=\dimen153
\c@WF@wrappedlines=\count274
\WF@box=\box53
\WF@everypar=\toks24
Package: wrapfig 2003/01/31  v 3.6
) (/usr/share/texlive/texmf-dist/tex/latex/base/makeidx.sty
Package: makeidx 2021/10/04 v1.0m Standard LaTeX package
) (/usr/share/texlive/texmf-dist/tex/latex/amscls/amsthm.sty
Package: amsthm 2020/05/29 v2.20.6
\thm@style=\toks25
\thm@bodyfont=\toks26
\thm@headfont=\toks27
\thm@notefont=\toks28
\thm@headpunct=\toks29
\thm@preskip=\skip53
\thm@postskip=\skip54
\thm@headsep=\skip55
\dth@everypar=\toks30
) (/usr/share/texlive/texmf-dist/tex/latex/caption/caption.sty
Package: caption 2023/08/05 v3.6o Customizing captions (AR)
 (/usr/share/texlive/texmf-dist/tex/latex/caption/caption3.sty
Package: caption3 2023/07/31 v2.4d caption3 kernel (AR)
\caption@tempdima=\dimen154
\captionmargin=\dimen155
\caption@leftmargin=\dimen156
\caption@rightmargin=\dimen157
\caption@width=\dimen158
\caption@indent=\dimen159
\caption@parindent=\dimen160
\caption@hangindent=\dimen161
Package caption Info: Standard document class detected.
)
\c@caption@flags=\count275
\c@continuedfloat=\count276
Package caption Info: wrapfig package is loaded.
) (/usr/share/texlive/texmf-dist/tex/latex/ragged2e/ragged2e.sty
Package: ragged2e 2023/06/22 v3.6 ragged2e Package
\CenteringLeftskip=\skip56
\RaggedLeftLeftskip=\skip57
\RaggedRightLeftskip=\skip58
\CenteringRightskip=\skip59
\RaggedLeftRightskip=\skip60
\RaggedRightRightskip=\skip61
\CenteringParfillskip=\skip62
\RaggedLeftParfillskip=\skip63
\RaggedRightParfillskip=\skip64
\JustifyingParfillskip=\skip65
\CenteringParindent=\skip66
\RaggedLeftParindent=\skip67
\RaggedRightParindent=\skip68
\JustifyingParindent=\skip69
) (/usr/share/texlive/texmf-dist/tex/latex/base/inputenc.sty
Package: inputenc 2021/02/14 v1.3d Input encoding file
\inpenc@prehook=\toks31
\inpenc@posthook=\toks32
) (/usr/share/texlive/texmf-dist/tex/generic/babel/babel.sty
Package: babel 2024/01/07 v24.1 The Babel package
\babel@savecnt=\count277
\U@D=\dimen162
\l@unhyphenated=\language10
 (/usr/share/texlive/texmf-dist/tex/generic/babel/txtbabel.def)
\bbl@readstream=\read2
\bbl@dirlevel=\count278
 (/usr/share/texlive/texmf-dist/tex/generic/babel-portuges/brazil.ldf
Language: portuges 2021/07/09 v1.2t Portuguese support from the babel system
Package babel Info: Hyphen rules for 'brazil' set to \l@portuguese
(babel)             (\language6). Reported on input line 111.
Package babel Info: Making " an active character on input line 143.
)) (/usr/share/texlive/texmf-dist/tex/latex/base/latexsym.sty
Package: latexsym 1998/08/17 v2.2e Standard LaTeX package (lasy symbols)
\symlasy=\mathgroup6
LaTeX Font Info:    Overwriting symbol font `lasy' in version `bold'
(Font)                  U/lasy/m/n --> U/lasy/b/n on input line 52.
) (/home/victors/texmf/tex/latex/fontawesome5/fontawesome5.sty (/usr/share/texlive/texmf-dist/tex/latex/l3kernel/expl3.sty
Package: expl3 2024-01-22 L3 programming layer (loader) 
 (/usr/share/texlive/texmf-dist/tex/latex/l3backend/l3backend-pdftex.def
File: l3backend-pdftex.def 2024-01-04 L3 backend support: PDF output (pdfTeX)
\l__color_backend_stack_int=\count279
\l__pdf_internal_box=\box54
))
Package: fontawesome5 2022/05/02 v5.15.4 Font Awesome 5
 (/usr/share/texlive/texmf-dist/tex/latex/l3packages/l3keys2e/l3keys2e.sty
Package: l3keys2e 2023-10-10 LaTeX2e option processing using LaTeX3 keys
) (/usr/share/texlive/texmf-dist/tex/latex/l3packages/xparse/xparse.sty
Package: xparse 2023-10-10 L3 Experimental document command parser
) (/home/victors/texmf/tex/latex/fontawesome5/fontawesome5-generic-helper.sty
Package: fontawesome5-generic-helper 2022/05/02 v5.15.4 non-uTeX helper for fontawesome5
 (/home/victors/texmf/tex/latex/fontawesome5/fontawesome5-mapping.def))) (/usr/share/texlive/texmf-dist/tex/latex/setspace/setspace.sty
Package: setspace 2022/12/04 v6.7b set line spacing
) (/usr/share/texlive/texmf-dist/tex/latex/caption/subcaption.sty
Package: subcaption 2023/07/28 v1.6b Sub-captions (AR)
Package caption Info: New subtype `subfigure' on input line 238.
\c@subfigure=\count280
Package caption Info: New subtype `subtable' on input line 238.
\c@subtable=\count281
) (/usr/share/texlive/texmf-dist/tex/latex/xcolor/xcolor.sty
Package: xcolor 2023/11/15 v3.01 LaTeX color extensions (UK)
 (/usr/share/texlive/texmf-dist/tex/latex/graphics-cfg/color.cfg
File: color.cfg 2016/01/02 v1.6 sample color configuration
)
Package xcolor Info: Driver file: pdftex.def on input line 274.
 (/usr/share/texlive/texmf-dist/tex/latex/graphics/mathcolor.ltx)
Package xcolor Info: Model `cmy' substituted by `cmy0' on input line 1350.
Package xcolor Info: Model `hsb' substituted by `rgb' on input line 1354.
Package xcolor Info: Model `RGB' extended on input line 1366.
Package xcolor Info: Model `HTML' substituted by `rgb' on input line 1368.
Package xcolor Info: Model `Hsb' substituted by `hsb' on input line 1369.
Package xcolor Info: Model `tHsb' substituted by `hsb' on input line 1370.
Package xcolor Info: Model `HSB' substituted by `hsb' on input line 1371.
Package xcolor Info: Model `Gray' substituted by `gray' on input line 1372.
Package xcolor Info: Model `wave' substituted by `hsb' on input line 1373.
) (/usr/share/texlive/texmf-dist/tex/latex/algorithm2e/algorithm2e.sty
Package: algorithm2e 2017/07/18 v5.2 algorithms environments
\c@AlgoLine=\count282
 (/usr/share/texlive/texmf-dist/tex/latex/base/ifthen.sty
Package: ifthen 2022/04/13 v1.1d Standard LaTeX ifthen package (DPC)
)
\algocf@hangindent=\skip70
 (/usr/share/texlive/texmf-dist/tex/latex/ifoddpage/ifoddpage.sty
Package: ifoddpage 2022/10/18 v1.2 Conditionals for odd/even page detection
\c@checkoddpage=\count283
) (/usr/share/texlive/texmf-dist/tex/latex/tools/xspace.sty
Package: xspace 2014/10/28 v1.13 Space after command names (DPC,MH)
) (/usr/share/texlive/texmf-dist/tex/latex/relsize/relsize.sty
Package: relsize 2013/03/29 ver 4.1
)
\skiptotal=\skip71
\skiplinenumber=\skip72
\skiprule=\skip73
\skiphlne=\skip74
\skiptext=\skip75
\skiplength=\skip76
\algomargin=\skip77
\skipalgocfslide=\skip78
\algowidth=\dimen163
\inoutsize=\dimen164
\inoutindent=\dimen165
\interspacetitleruled=\dimen166
\interspacealgoruled=\dimen167
\interspacetitleboxruled=\dimen168
\algocf@ruledwidth=\skip79
\algocf@inoutbox=\box55
\algocf@inputbox=\box56
\AlCapSkip=\skip80
\AlCapHSkip=\skip81
\algoskipindent=\skip82
\algocf@nlbox=\box57
\algocf@hangingbox=\box58
\algocf@untilbox=\box59
\algocf@skipuntil=\skip83
\algocf@capbox=\box60
\algocf@lcaptionbox=\skip84
\algoheightruledefault=\skip85
\algoheightrule=\skip86
\algotitleheightruledefault=\skip87
\algotitleheightrule=\skip88
\c@algocfline=\count284
\c@algocfproc=\count285
\c@algocf=\count286
\algocf@algoframe=\box61
\algocf@algobox=\box62
) (/usr/share/texlive/texmf-dist/tex/latex/hyperref/hyperref.sty
Package: hyperref 2024-01-20 v7.01h Hypertext links for LaTeX
 (/usr/share/texlive/texmf-dist/tex/generic/iftex/iftex.sty
Package: iftex 2022/02/03 v1.0f TeX engine tests
) (/usr/share/texlive/texmf-dist/tex/latex/kvsetkeys/kvsetkeys.sty
Package: kvsetkeys 2022-10-05 v1.19 Key value parser (HO)
) (/usr/share/texlive/texmf-dist/tex/generic/kvdefinekeys/kvdefinekeys.sty
Package: kvdefinekeys 2019-12-19 v1.6 Define keys (HO)
) (/usr/share/texlive/texmf-dist/tex/generic/pdfescape/pdfescape.sty
Package: pdfescape 2019/12/09 v1.15 Implements pdfTeX's escape features (HO)
 (/usr/share/texlive/texmf-dist/tex/generic/ltxcmds/ltxcmds.sty
Package: ltxcmds 2023-12-04 v1.26 LaTeX kernel commands for general use (HO)
) (/usr/share/texlive/texmf-dist/tex/generic/pdftexcmds/pdftexcmds.sty
Package: pdftexcmds 2020-06-27 v0.33 Utility functions of pdfTeX for LuaTeX (HO)
 (/usr/share/texlive/texmf-dist/tex/generic/infwarerr/infwarerr.sty
Package: infwarerr 2019/12/03 v1.5 Providing info/warning/error messages (HO)
)
Package pdftexcmds Info: \pdf@primitive is available.
Package pdftexcmds Info: \pdf@ifprimitive is available.
Package pdftexcmds Info: \pdfdraftmode found.
)) (/usr/share/texlive/texmf-dist/tex/latex/hycolor/hycolor.sty
Package: hycolor 2020-01-27 v1.10 Color options for hyperref/bookmark (HO)
) (/usr/share/texlive/texmf-dist/tex/latex/auxhook/auxhook.sty
Package: auxhook 2019-12-17 v1.6 Hooks for auxiliary files (HO)
) (/usr/share/texlive/texmf-dist/tex/latex/hyperref/nameref.sty
Package: nameref 2023-11-26 v2.56 Cross-referencing by name of section
 (/usr/share/texlive/texmf-dist/tex/latex/refcount/refcount.sty
Package: refcount 2019/12/15 v3.6 Data extraction from label references (HO)
) (/usr/share/texlive/texmf-dist/tex/generic/gettitlestring/gettitlestring.sty
Package: gettitlestring 2019/12/15 v1.6 Cleanup title references (HO)
 (/usr/share/texlive/texmf-dist/tex/latex/kvoptions/kvoptions.sty
Package: kvoptions 2022-06-15 v3.15 Key value format for package options (HO)
))
\c@section@level=\count287
) (/usr/share/texlive/texmf-dist/tex/latex/etoolbox/etoolbox.sty
Package: etoolbox 2020/10/05 v2.5k e-TeX tools for LaTeX (JAW)
\etb@tempcnta=\count288
)
\@linkdim=\dimen169
\Hy@linkcounter=\count289
\Hy@pagecounter=\count290
 (/usr/share/texlive/texmf-dist/tex/latex/hyperref/pd1enc.def
File: pd1enc.def 2024-01-20 v7.01h Hyperref: PDFDocEncoding definition (HO)
Now handling font encoding PD1 ...
... no UTF-8 mapping file for font encoding PD1
) (/usr/share/texlive/texmf-dist/tex/generic/intcalc/intcalc.sty
Package: intcalc 2019/12/15 v1.3 Expandable calculations with integers (HO)
)
\Hy@SavedSpaceFactor=\count291
 (/usr/share/texlive/texmf-dist/tex/latex/hyperref/puenc.def
File: puenc.def 2024-01-20 v7.01h Hyperref: PDF Unicode definition (HO)
Now handling font encoding PU ...
... no UTF-8 mapping file for font encoding PU
)
Package hyperref Info: Hyper figures OFF on input line 4179.
Package hyperref Info: Link nesting OFF on input line 4184.
Package hyperref Info: Hyper index ON on input line 4187.
Package hyperref Info: Plain pages OFF on input line 4194.
Package hyperref Info: Backreferencing OFF on input line 4199.
Package hyperref Info: Implicit mode ON; LaTeX internals redefined.
Package hyperref Info: Bookmarks ON on input line 4446.
\c@Hy@tempcnt=\count292
 (/usr/share/texlive/texmf-dist/tex/latex/url/url.sty
\Urlmuskip=\muskip17
Package: url 2013/09/16  ver 3.4  Verb mode for urls, etc.
)
LaTeX Info: Redefining \url on input line 4784.
\XeTeXLinkMargin=\dimen170
 (/usr/share/texlive/texmf-dist/tex/generic/bitset/bitset.sty
Package: bitset 2019/12/09 v1.3 Handle bit-vector datatype (HO)
 (/usr/share/texlive/texmf-dist/tex/generic/bigintcalc/bigintcalc.sty
Package: bigintcalc 2019/12/15 v1.5 Expandable calculations on big integers (HO)
))
\Fld@menulength=\count293
\Field@Width=\dimen171
\Fld@charsize=\dimen172
Package hyperref Info: Hyper figures OFF on input line 6063.
Package hyperref Info: Link nesting OFF on input line 6068.
Package hyperref Info: Hyper index ON on input line 6071.
Package hyperref Info: backreferencing OFF on input line 6078.
Package hyperref Info: Link coloring OFF on input line 6083.
Package hyperref Info: Link coloring with OCG OFF on input line 6088.
Package hyperref Info: PDF/A mode OFF on input line 6093.
 (/usr/share/texlive/texmf-dist/tex/latex/base/atbegshi-ltx.sty
Package: atbegshi-ltx 2021/01/10 v1.0c Emulation of the original atbegshi
package with kernel methods
)
\Hy@abspage=\count294
\c@Item=\count295
\c@Hfootnote=\count296
)
Package hyperref Info: Driver (autodetected): hpdftex.
 (/usr/share/texlive/texmf-dist/tex/latex/hyperref/hpdftex.def
File: hpdftex.def 2024-01-20 v7.01h Hyperref driver for pdfTeX
 (/usr/share/texlive/texmf-dist/tex/latex/base/atveryend-ltx.sty
Package: atveryend-ltx 2020/08/19 v1.0a Emulation of the original atveryend package
with kernel methods
)
\Fld@listcount=\count297
\c@bookmark@seq@number=\count298
 (/usr/share/texlive/texmf-dist/tex/latex/rerunfilecheck/rerunfilecheck.sty
Package: rerunfilecheck 2022-07-10 v1.10 Rerun checks for auxiliary files (HO)
 (/usr/share/texlive/texmf-dist/tex/generic/uniquecounter/uniquecounter.sty
Package: uniquecounter 2019/12/15 v1.4 Provide unlimited unique counter (HO)
)
Package uniquecounter Info: New unique counter `rerunfilecheck' on input line 285.
)
\Hy@SectionHShift=\skip89
) (/usr/share/texlive/texmf-dist/tex/latex/abntex2/abntex2cite.sty
Package: abntex2cite 2018/11/24 v-1.9.7 abnTeX2
 (/usr/share/texlive/texmf-dist/tex/latex/tools/calc.sty
Package: calc 2023/07/08 v4.3 Infix arithmetic (KKT,FJ)
\calc@Acount=\count299
\calc@Bcount=\count300
\calc@Adimen=\dimen173
\calc@Bdimen=\dimen174
\calc@Askip=\skip90
\calc@Bskip=\skip91
LaTeX Info: Redefining \setlength on input line 80.
LaTeX Info: Redefining \addtolength on input line 81.
\calc@Ccount=\count301
\calc@Cskip=\skip92
) (/usr/share/texlive/texmf-dist/tex/latex/abntex2/abntex2abrev.sty)
\minimumbiblabelwidth=\skip93
\ABCIauxlen=\skip94
\c@ABCIaux=\count302
\c@ABCImax=\count303
 (/usr/share/texlive/texmf-dist/tex/generic/iftex/ifpdf.sty
Package: ifpdf 2019/10/25 v3.4 ifpdf legacy package. Use iftex instead.
) (/usr/share/texlive/texmf-dist/tex/generic/iftex/ifxetex.sty
Package: ifxetex 2019/10/25 v0.7 ifxetex legacy package. Use iftex instead.
)
\biblabelsep=\skip95
LaTeX Info: Redefining \newblock on input line 591.
LaTeX Info: Redefining \cite on input line 618.
\ABCItoken=\toks33
) (/usr/share/texlive/texmf-dist/tex/latex/float/float.sty
Package: float 2001/11/08 v1.3d Float enhancements (AL)
\c@float@type=\count304
\float@exts=\toks34
\float@box=\box63
\@float@everytoks=\toks35
\@floatcapt=\box64
) (/usr/share/texlive/texmf-dist/tex/latex/pgf/frontendlayer/tikz.sty (/usr/share/texlive/texmf-dist/tex/latex/pgf/basiclayer/pgf.sty (/usr/share/texlive/texmf-dist/tex/latex/pgf/utilities/pgfrcs.sty (/usr/share/texlive/texmf-dist/tex/generic/pgf/utilities/pgfutil-common.tex
\pgfutil@everybye=\toks36
\pgfutil@tempdima=\dimen175
\pgfutil@tempdimb=\dimen176
) (/usr/share/texlive/texmf-dist/tex/generic/pgf/utilities/pgfutil-latex.def
\pgfutil@abb=\box65
) (/usr/share/texlive/texmf-dist/tex/generic/pgf/utilities/pgfrcs.code.tex (/usr/share/texlive/texmf-dist/tex/generic/pgf/pgf.revision.tex)
Package: pgfrcs 2023-01-15 v3.1.10 (3.1.10)
))
Package: pgf 2023-01-15 v3.1.10 (3.1.10)
 (/usr/share/texlive/texmf-dist/tex/latex/pgf/basiclayer/pgfcore.sty (/usr/share/texlive/texmf-dist/tex/latex/pgf/systemlayer/pgfsys.sty (/usr/share/texlive/texmf-dist/tex/generic/pgf/systemlayer/pgfsys.code.tex
Package: pgfsys 2023-01-15 v3.1.10 (3.1.10)
 (/usr/share/texlive/texmf-dist/tex/generic/pgf/utilities/pgfkeys.code.tex
\pgfkeys@pathtoks=\toks37
\pgfkeys@temptoks=\toks38
 (/usr/share/texlive/texmf-dist/tex/generic/pgf/utilities/pgfkeyslibraryfiltered.code.tex
\pgfkeys@tmptoks=\toks39
))
\pgf@x=\dimen177
\pgf@y=\dimen178
\pgf@xa=\dimen179
\pgf@ya=\dimen180
\pgf@xb=\dimen181
\pgf@yb=\dimen182
\pgf@xc=\dimen183
\pgf@yc=\dimen184
\pgf@xd=\dimen185
\pgf@yd=\dimen186
\w@pgf@writea=\write3
\r@pgf@reada=\read3
\c@pgf@counta=\count305
\c@pgf@countb=\count306
\c@pgf@countc=\count307
\c@pgf@countd=\count308
\t@pgf@toka=\toks40
\t@pgf@tokb=\toks41
\t@pgf@tokc=\toks42
\pgf@sys@id@count=\count309
 (/usr/share/texlive/texmf-dist/tex/generic/pgf/systemlayer/pgf.cfg
File: pgf.cfg 2023-01-15 v3.1.10 (3.1.10)
)
Driver file for pgf: pgfsys-pdftex.def
 (/usr/share/texlive/texmf-dist/tex/generic/pgf/systemlayer/pgfsys-pdftex.def
File: pgfsys-pdftex.def 2023-01-15 v3.1.10 (3.1.10)
 (/usr/share/texlive/texmf-dist/tex/generic/pgf/systemlayer/pgfsys-common-pdf.def
File: pgfsys-common-pdf.def 2023-01-15 v3.1.10 (3.1.10)
))) (/usr/share/texlive/texmf-dist/tex/generic/pgf/systemlayer/pgfsyssoftpath.code.tex
File: pgfsyssoftpath.code.tex 2023-01-15 v3.1.10 (3.1.10)
\pgfsyssoftpath@smallbuffer@items=\count310
\pgfsyssoftpath@bigbuffer@items=\count311
) (/usr/share/texlive/texmf-dist/tex/generic/pgf/systemlayer/pgfsysprotocol.code.tex
File: pgfsysprotocol.code.tex 2023-01-15 v3.1.10 (3.1.10)
)) (/usr/share/texlive/texmf-dist/tex/generic/pgf/basiclayer/pgfcore.code.tex
Package: pgfcore 2023-01-15 v3.1.10 (3.1.10)
 (/usr/share/texlive/texmf-dist/tex/generic/pgf/math/pgfmath.code.tex (/usr/share/texlive/texmf-dist/tex/generic/pgf/math/pgfmathutil.code.tex) (/usr/share/texlive/texmf-dist/tex/generic/pgf/math/pgfmathparser.code.tex
\pgfmath@dimen=\dimen187
\pgfmath@count=\count312
\pgfmath@box=\box66
\pgfmath@toks=\toks43
\pgfmath@stack@operand=\toks44
\pgfmath@stack@operation=\toks45
) (/usr/share/texlive/texmf-dist/tex/generic/pgf/math/pgfmathfunctions.code.tex) (/usr/share/texlive/texmf-dist/tex/generic/pgf/math/pgfmathfunctions.basic.code.tex) (/usr/share/texlive/texmf-dist/tex/generic/pgf/math/pgfmathfunctions.trigonometric.code.tex) (/usr/share/texlive/texmf-dist/tex/generic/pgf/math/pgfmathfunctions.random.code.tex) (/usr/share/texlive/texmf-dist/tex/generic/pgf/math/pgfmathfunctions.comparison.code.tex) (/usr/share/texlive/texmf-dist/tex/generic/pgf/math/pgfmathfunctions.base.code.tex) (/usr/share/texlive/texmf-dist/tex/generic/pgf/math/pgfmathfunctions.round.code.tex) (/usr/share/texlive/texmf-dist/tex/generic/pgf/math/pgfmathfunctions.misc.code.tex) (/usr/share/texlive/texmf-dist/tex/generic/pgf/math/pgfmathfunctions.integerarithmetics.code.tex) (/usr/share/texlive/texmf-dist/tex/generic/pgf/math/pgfmathcalc.code.tex) (/usr/share/texlive/texmf-dist/tex/generic/pgf/math/pgfmathfloat.code.tex
\c@pgfmathroundto@lastzeros=\count313
)) (/usr/share/texlive/texmf-dist/tex/generic/pgf/math/pgfint.code.tex) (/usr/share/texlive/texmf-dist/tex/generic/pgf/basiclayer/pgfcorepoints.code.tex
File: pgfcorepoints.code.tex 2023-01-15 v3.1.10 (3.1.10)
\pgf@picminx=\dimen188
\pgf@picmaxx=\dimen189
\pgf@picminy=\dimen190
\pgf@picmaxy=\dimen191
\pgf@pathminx=\dimen192
\pgf@pathmaxx=\dimen193
\pgf@pathminy=\dimen194
\pgf@pathmaxy=\dimen195
\pgf@xx=\dimen196
\pgf@xy=\dimen197
\pgf@yx=\dimen198
\pgf@yy=\dimen199
\pgf@zx=\dimen256
\pgf@zy=\dimen257
) (/usr/share/texlive/texmf-dist/tex/generic/pgf/basiclayer/pgfcorepathconstruct.code.tex
File: pgfcorepathconstruct.code.tex 2023-01-15 v3.1.10 (3.1.10)
\pgf@path@lastx=\dimen258
\pgf@path@lasty=\dimen259
) (/usr/share/texlive/texmf-dist/tex/generic/pgf/basiclayer/pgfcorepathusage.code.tex
File: pgfcorepathusage.code.tex 2023-01-15 v3.1.10 (3.1.10)
\pgf@shorten@end@additional=\dimen260
\pgf@shorten@start@additional=\dimen261
) (/usr/share/texlive/texmf-dist/tex/generic/pgf/basiclayer/pgfcorescopes.code.tex
File: pgfcorescopes.code.tex 2023-01-15 v3.1.10 (3.1.10)
\pgfpic=\box67
\pgf@hbox=\box68
\pgf@layerbox@main=\box69
\pgf@picture@serial@count=\count314
) (/usr/share/texlive/texmf-dist/tex/generic/pgf/basiclayer/pgfcoregraphicstate.code.tex
File: pgfcoregraphicstate.code.tex 2023-01-15 v3.1.10 (3.1.10)
\pgflinewidth=\dimen262
) (/usr/share/texlive/texmf-dist/tex/generic/pgf/basiclayer/pgfcoretransformations.code.tex
File: pgfcoretransformations.code.tex 2023-01-15 v3.1.10 (3.1.10)
\pgf@pt@x=\dimen263
\pgf@pt@y=\dimen264
\pgf@pt@temp=\dimen265
) (/usr/share/texlive/texmf-dist/tex/generic/pgf/basiclayer/pgfcorequick.code.tex
File: pgfcorequick.code.tex 2023-01-15 v3.1.10 (3.1.10)
) (/usr/share/texlive/texmf-dist/tex/generic/pgf/basiclayer/pgfcoreobjects.code.tex
File: pgfcoreobjects.code.tex 2023-01-15 v3.1.10 (3.1.10)
) (/usr/share/texlive/texmf-dist/tex/generic/pgf/basiclayer/pgfcorepathprocessing.code.tex
File: pgfcorepathprocessing.code.tex 2023-01-15 v3.1.10 (3.1.10)
) (/usr/share/texlive/texmf-dist/tex/generic/pgf/basiclayer/pgfcorearrows.code.tex
File: pgfcorearrows.code.tex 2023-01-15 v3.1.10 (3.1.10)
\pgfarrowsep=\dimen266
) (/usr/share/texlive/texmf-dist/tex/generic/pgf/basiclayer/pgfcoreshade.code.tex
File: pgfcoreshade.code.tex 2023-01-15 v3.1.10 (3.1.10)
\pgf@max=\dimen267
\pgf@sys@shading@range@num=\count315
\pgf@shadingcount=\count316
) (/usr/share/texlive/texmf-dist/tex/generic/pgf/basiclayer/pgfcoreimage.code.tex
File: pgfcoreimage.code.tex 2023-01-15 v3.1.10 (3.1.10)
) (/usr/share/texlive/texmf-dist/tex/generic/pgf/basiclayer/pgfcoreexternal.code.tex
File: pgfcoreexternal.code.tex 2023-01-15 v3.1.10 (3.1.10)
\pgfexternal@startupbox=\box70
) (/usr/share/texlive/texmf-dist/tex/generic/pgf/basiclayer/pgfcorelayers.code.tex
File: pgfcorelayers.code.tex 2023-01-15 v3.1.10 (3.1.10)
) (/usr/share/texlive/texmf-dist/tex/generic/pgf/basiclayer/pgfcoretransparency.code.tex
File: pgfcoretransparency.code.tex 2023-01-15 v3.1.10 (3.1.10)
) (/usr/share/texlive/texmf-dist/tex/generic/pgf/basiclayer/pgfcorepatterns.code.tex
File: pgfcorepatterns.code.tex 2023-01-15 v3.1.10 (3.1.10)
) (/usr/share/texlive/texmf-dist/tex/generic/pgf/basiclayer/pgfcorerdf.code.tex
File: pgfcorerdf.code.tex 2023-01-15 v3.1.10 (3.1.10)
))) (/usr/share/texlive/texmf-dist/tex/generic/pgf/modules/pgfmoduleshapes.code.tex
File: pgfmoduleshapes.code.tex 2023-01-15 v3.1.10 (3.1.10)
\pgfnodeparttextbox=\box71
) (/usr/share/texlive/texmf-dist/tex/generic/pgf/modules/pgfmoduleplot.code.tex
File: pgfmoduleplot.code.tex 2023-01-15 v3.1.10 (3.1.10)
) (/usr/share/texlive/texmf-dist/tex/latex/pgf/compatibility/pgfcomp-version-0-65.sty
Package: pgfcomp-version-0-65 2023-01-15 v3.1.10 (3.1.10)
\pgf@nodesepstart=\dimen268
\pgf@nodesepend=\dimen269
) (/usr/share/texlive/texmf-dist/tex/latex/pgf/compatibility/pgfcomp-version-1-18.sty
Package: pgfcomp-version-1-18 2023-01-15 v3.1.10 (3.1.10)
)) (/usr/share/texlive/texmf-dist/tex/latex/pgf/utilities/pgffor.sty (/usr/share/texlive/texmf-dist/tex/latex/pgf/utilities/pgfkeys.sty (/usr/share/texlive/texmf-dist/tex/generic/pgf/utilities/pgfkeys.code.tex)) (/usr/share/texlive/texmf-dist/tex/latex/pgf/math/pgfmath.sty (/usr/share/texlive/texmf-dist/tex/generic/pgf/math/pgfmath.code.tex)) (/usr/share/texlive/texmf-dist/tex/generic/pgf/utilities/pgffor.code.tex
Package: pgffor 2023-01-15 v3.1.10 (3.1.10)
\pgffor@iter=\dimen270
\pgffor@skip=\dimen271
\pgffor@stack=\toks46
\pgffor@toks=\toks47
)) (/usr/share/texlive/texmf-dist/tex/generic/pgf/frontendlayer/tikz/tikz.code.tex
Package: tikz 2023-01-15 v3.1.10 (3.1.10)
 (/usr/share/texlive/texmf-dist/tex/generic/pgf/libraries/pgflibraryplothandlers.code.tex
File: pgflibraryplothandlers.code.tex 2023-01-15 v3.1.10 (3.1.10)
\pgf@plot@mark@count=\count317
\pgfplotmarksize=\dimen272
)
\tikz@lastx=\dimen273
\tikz@lasty=\dimen274
\tikz@lastxsaved=\dimen275
\tikz@lastysaved=\dimen276
\tikz@lastmovetox=\dimen277
\tikz@lastmovetoy=\dimen278
\tikzleveldistance=\dimen279
\tikzsiblingdistance=\dimen280
\tikz@figbox=\box72
\tikz@figbox@bg=\box73
\tikz@tempbox=\box74
\tikz@tempbox@bg=\box75
\tikztreelevel=\count318
\tikznumberofchildren=\count319
\tikznumberofcurrentchild=\count320
\tikz@fig@count=\count321
 (/usr/share/texlive/texmf-dist/tex/generic/pgf/modules/pgfmodulematrix.code.tex
File: pgfmodulematrix.code.tex 2023-01-15 v3.1.10 (3.1.10)
\pgfmatrixcurrentrow=\count322
\pgfmatrixcurrentcolumn=\count323
\pgf@matrix@numberofcolumns=\count324
)
\tikz@expandcount=\count325
 (/usr/share/texlive/texmf-dist/tex/generic/pgf/frontendlayer/tikz/libraries/tikzlibrarytopaths.code.tex
File: tikzlibrarytopaths.code.tex 2023-01-15 v3.1.10 (3.1.10)
))) (/usr/share/texlive/texmf-dist/tex/generic/pgf/libraries/pgflibraryarrows.meta.code.tex
File: pgflibraryarrows.meta.code.tex 2023-01-15 v3.1.10 (3.1.10)
\pgfarrowinset=\dimen281
\pgfarrowlength=\dimen282
\pgfarrowwidth=\dimen283
\pgfarrowlinewidth=\dimen284
) (/usr/share/texlive/texmf-dist/tex/generic/pgf/frontendlayer/tikz/libraries/tikzlibrarypositioning.code.tex
File: tikzlibrarypositioning.code.tex 2023-01-15 v3.1.10 (3.1.10)
)
\c@teorema=\count326
\c@lema=\count327
\c@proposicao=\count328
\c@corolario=\count329
\c@definicao=\count330
\c@exercicio=\count331
\c@exemplo=\count332
\c@observacao=\count333
\c@demonstracao=\count334
 (./main.aux)
\openout1 = `main.aux'.

LaTeX Font Info:    Checking defaults for OML/cmm/m/it on input line 57.
LaTeX Font Info:    ... okay on input line 57.
LaTeX Font Info:    Checking defaults for OMS/cmsy/m/n on input line 57.
LaTeX Font Info:    ... okay on input line 57.
LaTeX Font Info:    Checking defaults for OT1/cmr/m/n on input line 57.
LaTeX Font Info:    ... okay on input line 57.
LaTeX Font Info:    Checking defaults for T1/cmr/m/n on input line 57.
LaTeX Font Info:    ... okay on input line 57.
LaTeX Font Info:    Checking defaults for TS1/cmr/m/n on input line 57.
LaTeX Font Info:    ... okay on input line 57.
LaTeX Font Info:    Checking defaults for OMX/cmex/m/n on input line 57.
LaTeX Font Info:    ... okay on input line 57.
LaTeX Font Info:    Checking defaults for U/cmr/m/n on input line 57.
LaTeX Font Info:    ... okay on input line 57.
LaTeX Font Info:    Checking defaults for PD1/pdf/m/n on input line 57.
LaTeX Font Info:    ... okay on input line 57.
LaTeX Font Info:    Checking defaults for PU/pdf/m/n on input line 57.
LaTeX Font Info:    ... okay on input line 57.
 (/usr/share/texlive/texmf-dist/tex/context/base/mkii/supp-pdf.mkii
[Loading MPS to PDF converter (version 2006.09.02).]
\scratchcounter=\count335
\scratchdimen=\dimen285
\scratchbox=\box76
\nofMPsegments=\count336
\nofMParguments=\count337
\everyMPshowfont=\toks48
\MPscratchCnt=\count338
\MPscratchDim=\dimen286
\MPnumerator=\count339
\makeMPintoPDFobject=\count340
\everyMPtoPDFconversion=\toks49
) (/usr/share/texlive/texmf-dist/tex/latex/epstopdf-pkg/epstopdf-base.sty
Package: epstopdf-base 2020-01-24 v2.11 Base part for package epstopdf
Package epstopdf-base Info: Redefining graphics rule for `.eps' on input line 485.
 (/usr/share/texlive/texmf-dist/tex/latex/latexconfig/epstopdf-sys.cfg
File: epstopdf-sys.cfg 2010/07/13 v1.3 Configuration of (r)epstopdf for TeX Live
))
Package caption Info: Begin \AtBeginDocument code.
Package caption Info: float package is loaded.
Package caption Info: hyperref package is loaded.
Package caption Info: End \AtBeginDocument code.
Package hyperref Info: Link coloring OFF on input line 57.
 (./main.out) (./main.out)
\@outlinefile=\write4
\openout4 = `main.out'.

 (./frontmatter/titlepage.tex
<figures/LogoUFU.JPG, id=276, 40.65187pt x 39.14626pt>
File: figures/LogoUFU.JPG Graphic file (type jpg)
<use figures/LogoUFU.JPG>
Package pdftex.def Info: figures/LogoUFU.JPG  used on input line 14.
(pdftex.def)             Requested size: 48.37263pt x 46.5846pt.
 [1

{/home/victors/.texlive2023/texmf-var/fonts/map/pdftex/updmap/pdftex.map} <./figures/LogoUFU.JPG>]) [2] (./frontmatter/approval.tex
LaTeX Font Info:    Trying to load font information for U+msa on input line 12.
 (/usr/share/texlive/texmf-dist/tex/latex/amsfonts/umsa.fd
File: umsa.fd 2013/01/14 v3.01 AMS symbols A
)
LaTeX Font Info:    Trying to load font information for U+msb on input line 12.
 (/usr/share/texlive/texmf-dist/tex/latex/amsfonts/umsb.fd
File: umsb.fd 2013/01/14 v3.01 AMS symbols B
)
LaTeX Font Info:    Trying to load font information for U+lasy on input line 12.
 (/usr/share/texlive/texmf-dist/tex/latex/base/ulasy.fd
File: ulasy.fd 1998/08/17 v2.2e LaTeX symbol font definitions
)) [3] (./frontmatter/dedication.tex) [4] (./frontmatter/acknowledgments.tex) [5

] (./frontmatter/resumo.tex) [6

] (./frontmatter/abstract.tex) [7] (./frontmatter/lists.tex (./main.lof [8

] [9])
\tf@lof=\write5
\openout5 = `main.lof'.

 [10] (./main.lot)
\tf@lot=\write6
\openout6 = `main.lot'.

) [11

] (./main.toc [12

])
\tf@toc=\write7
\openout7 = `main.toc'.

 [13] [14] (./chapters/introduction.tex
<figures/introducao/medidas.jpeg, id=591, 401.5pt x 260.975pt>
File: figures/introducao/medidas.jpeg Graphic file (type jpg)
<use figures/introducao/medidas.jpeg>
Package pdftex.def Info: figures/introducao/medidas.jpeg  used on input line 11.
(pdftex.def)             Requested size: 266.03473pt x 172.93294pt.
 [15

 <./figures/introducao/medidas.jpeg>]
<figures/introducao/EGL.png, id=610, 1129.21875pt x 376.40625pt>
File: figures/introducao/EGL.png Graphic file (type png)
<use figures/introducao/EGL.png>
Package pdftex.def Info: figures/introducao/EGL.png  used on input line 24.
(pdftex.def)             Requested size: 483.69684pt x 161.23123pt.
<figures/introducao/EGG.png, id=611, 1129.21875pt x 376.40625pt>
File: figures/introducao/EGG.png Graphic file (type png)
<use figures/introducao/EGG.png>
Package pdftex.def Info: figures/introducao/EGG.png  used on input line 30.
(pdftex.def)             Requested size: 483.69684pt x 161.23123pt.
<figures/introducao/ultrasom.jpg, id=623, 334.24875pt x 404.51125pt>
File: figures/introducao/ultrasom.jpg Graphic file (type jpg)
<use figures/introducao/ultrasom.jpg>
Package pdftex.def Info: figures/introducao/ultrasom.jpg  used on input line 47.
(pdftex.def)             Requested size: 145.11052pt x 175.61531pt.
<figures/introducao/segmentacao.jpg, id=624, 334.24875pt x 404.51125pt>
File: figures/introducao/segmentacao.jpg Graphic file (type jpg)
<use figures/introducao/segmentacao.jpg>
Package pdftex.def Info: figures/introducao/segmentacao.jpg  used on input line 53.
(pdftex.def)             Requested size: 145.11052pt x 175.61531pt.
 [16 <./figures/introducao/EGL.png (PNG copy)> <./figures/introducao/EGG.png (PNG copy)>] [17 <./figures/introducao/ultrasom.jpg> <./figures/introducao/segmentacao.jpg>] [18]
<figures/introducao/fluxo.png, id=675, 1129.21875pt x 752.8125pt>
File: figures/introducao/fluxo.png Graphic file (type png)
<use figures/introducao/fluxo.png>
Package pdftex.def Info: figures/introducao/fluxo.png  used on input line 95.
(pdftex.def)             Requested size: 338.5863pt x 225.71913pt.
 [19 <./figures/introducao/fluxo.png (PNG copy)>]) [20]
Cap\'{\i }tulo 1.
(./chapters/chapter1.tex
<figures/neuronio.png, id=697, 1927.2pt x 1084.05pt>
File: figures/neuronio.png Graphic file (type png)
<use figures/neuronio.png>
Package pdftex.def Info: figures/neuronio.png  used on input line 19.
(pdftex.def)             Requested size: 386.95894pt x 217.64977pt.
 [21

]
<figures/neu_matematico.png, id=714, 1445.4pt x 813.0375pt>
File: figures/neu_matematico.png Graphic file (type png)
<use figures/neu_matematico.png>
Package pdftex.def Info: figures/neu_matematico.png  used on input line 36.
(pdftex.def)             Requested size: 338.5863pt x 190.45595pt.
 [22 <./figures/neuronio.png>] [23 <./figures/neu_matematico.png (PNG copy)>]
<figures/sigmoidal_graf.png, id=745, 415.7934pt x 318.4698pt>
File: figures/sigmoidal_graf.png Graphic file (type png)
<use figures/sigmoidal_graf.png>
Package pdftex.def Info: figures/sigmoidal_graf.png  used on input line 93.
(pdftex.def)             Requested size: 193.47577pt x 148.18896pt.
<figures/relu_graf.png, id=746, 415.7934pt x 318.4698pt>
File: figures/relu_graf.png Graphic file (type png)
<use figures/relu_graf.png>
Package pdftex.def Info: figures/relu_graf.png  used on input line 99.
(pdftex.def)             Requested size: 193.47577pt x 148.18896pt.
 [24 <./figures/sigmoidal_graf.png> <./figures/relu_graf.png>] [25]
<figures/gradientedes.png, id=780, 1445.4pt x 813.0375pt>
File: figures/gradientedes.png Graphic file (type png)
<use figures/gradientedes.png>
Package pdftex.def Info: figures/gradientedes.png  used on input line 200.
(pdftex.def)             Requested size: 338.5863pt x 190.45595pt.
 [26] [27 <./figures/gradientedes.png (PNG copy)>]
<figures/perceptron.png, id=805, 246.9225pt x 199.49532pt>
File: figures/perceptron.png Graphic file (type png)
<use figures/perceptron.png>
Package pdftex.def Info: figures/perceptron.png  used on input line 247.
(pdftex.def)             Requested size: 145.11052pt x 117.23851pt.
<figures/rede_neural.png, id=806, 331.2375pt x 280.79906pt>
File: figures/rede_neural.png Graphic file (type png)
<use figures/rede_neural.png>
Package pdftex.def Info: figures/rede_neural.png  used on input line 254.
(pdftex.def)             Requested size: 145.11052pt x 123.0121pt.
 [28 <./figures/perceptron.png> <./figures/rede_neural.png>]
<figures/FNNs.png, id=818, 441.14813pt x 361.35pt>
File: figures/FNNs.png Graphic file (type png)
<use figures/FNNs.png>
Package pdftex.def Info: figures/FNNs.png  used on input line 303.
(pdftex.def)             Requested size: 193.47577pt x 158.4762pt.
<figures/RNNs.png, id=819, 423.5825pt x 371.3875pt>
File: figures/RNNs.png Graphic file (type png)
<use figures/RNNs.png>
Package pdftex.def Info: figures/RNNs.png  used on input line 309.
(pdftex.def)             Requested size: 193.47577pt x 169.63326pt.
<figures/EncDec.png, id=820, 432.11438pt x 361.35pt>
File: figures/EncDec.png Graphic file (type png)
<use figures/EncDec.png>
Package pdftex.def Info: figures/EncDec.png  used on input line 316.
(pdftex.def)             Requested size: 193.47577pt x 161.78996pt.
 [29] [30 <./figures/FNNs.png> <./figures/RNNs.png> <./figures/EncDec.png>]

Package caption Warning: Ambiguous sub-caption(s), use \nextfloat on input line 336.
See the caption package documentation for explanation.

<figures/rede_simples.png, id=847, 642.90187pt x 361.35pt>
File: figures/rede_simples.png Graphic file (type png)
<use figures/rede_simples.png>
Package pdftex.def Info: figures/rede_simples.png  used on input line 361.
(pdftex.def)             Requested size: 338.5863pt x 190.31259pt.
[31 <./figures/rede_simples.png (PNG copy)>]
<figures/SG.png, id=862, 451.6875pt x 329.73187pt>
File: figures/SG.png Graphic file (type png)
<use figures/SG.png>
Package pdftex.def Info: figures/SG.png  used on input line 386.
(pdftex.def)             Requested size: 193.47577pt x 141.23854pt.
<figures/SGD.png, id=863, 451.6875pt x 331.99031pt>
File: figures/SGD.png Graphic file (type png)
<use figures/SGD.png>
Package pdftex.def Info: figures/SGD.png  used on input line 393.
(pdftex.def)             Requested size: 193.47577pt x 142.20593pt.
<figures/lote.png, id=864, 1445.4pt x 813.0375pt>
File: figures/lote.png Graphic file (type png)
<use figures/lote.png>
Package pdftex.def Info: figures/lote.png  used on input line 399.
(pdftex.def)             Requested size: 241.84842pt x 136.0311pt.
 [32]
<figures/overffit.png, id=873, 1445.4pt x 813.0375pt>
File: figures/overffit.png Graphic file (type png)
<use figures/overffit.png>
Package pdftex.def Info: figures/overffit.png  used on input line 420.
(pdftex.def)             Requested size: 338.5863pt x 190.45595pt.
 [33 <./figures/SG.png> <./figures/SGD.png> <./figures/lote.png (PNG copy)>] [34 <./figures/overffit.png (PNG copy)>]
<figures/img_dropout.png, id=890, 857.2025pt x 481.8pt>
File: figures/img_dropout.png Graphic file (type png)
<use figures/img_dropout.png>
Package pdftex.def Info: figures/img_dropout.png  used on input line 459.
(pdftex.def)             Requested size: 338.5863pt x 190.30524pt.
<figures/earlystopping.png, id=892, 1445.4pt x 813.0375pt>
File: figures/earlystopping.png Graphic file (type png)
<use figures/earlystopping.png>
Package pdftex.def Info: figures/earlystopping.png  used on input line 468.
(pdftex.def)             Requested size: 338.5863pt x 190.45595pt.
 [35] [36 <./figures/img_dropout.png> <./figures/earlystopping.png (PNG copy)>] [37]
<figures/sigmoid_prime.png, id=925, 422.0568pt x 318.4698pt>
File: figures/sigmoid_prime.png Graphic file (type png)
<use figures/sigmoid_prime.png>
Package pdftex.def Info: figures/sigmoid_prime.png  used on input line 506.
(pdftex.def)             Requested size: 241.84842pt x 182.49184pt.
 [38 <./figures/sigmoid_prime.png>]
<figures/mnist.png, id=938, 559.08875pt x 328.22626pt>
File: figures/mnist.png Graphic file (type png)
<use figures/mnist.png>
Package pdftex.def Info: figures/mnist.png  used on input line 535.
(pdftex.def)             Requested size: 338.5863pt x 198.78033pt.
<figures/MNIST.png, id=948, 1445.4pt x 813.0375pt>
File: figures/MNIST.png Graphic file (type png)
<use figures/MNIST.png>
Package pdftex.def Info: figures/MNIST.png  used on input line 545.
(pdftex.def)             Requested size: 338.5863pt x 190.45595pt.
 [39 <./figures/mnist.png>]
<figures/fluxo.png, id=960, 1445.4pt x 813.0375pt>
File: figures/fluxo.png Graphic file (type png)
<use figures/fluxo.png>
Package pdftex.def Info: figures/fluxo.png  used on input line 566.
(pdftex.def)             Requested size: 435.32419pt x 244.8684pt.
 [40 <./figures/MNIST.png (PNG copy)>]
<figures/recontrucaof1.png, id=972, 462.528pt x 346.896pt>
File: figures/recontrucaof1.png Graphic file (type png)
<use figures/recontrucaof1.png>
Package pdftex.def Info: figures/recontrucaof1.png  used on input line 582.
(pdftex.def)             Requested size: 232.17241pt x 174.13039pt.
<figures/reconstrucaof2.png, id=973, 462.528pt x 346.896pt>
File: figures/reconstrucaof2.png Graphic file (type png)
<use figures/reconstrucaof2.png>
Package pdftex.def Info: figures/reconstrucaof2.png  used on input line 588.
(pdftex.def)             Requested size: 232.17241pt x 174.13039pt.


LaTeX Warning: `!h' float specifier changed to `!ht'.

[41 <./figures/fluxo.png (PNG copy)>]
<figures/recontrucaof3.png, id=980, 462.528pt x 346.896pt>
File: figures/recontrucaof3.png Graphic file (type png)
<use figures/recontrucaof3.png>
Package pdftex.def Info: figures/recontrucaof3.png  used on input line 603.
(pdftex.def)             Requested size: 222.50378pt x 166.87871pt.
<figures/reconstrucaof4.png, id=981, 462.528pt x 346.896pt>
File: figures/reconstrucaof4.png Graphic file (type png)
<use figures/reconstrucaof4.png>
Package pdftex.def Info: figures/reconstrucaof4.png  used on input line 609.
(pdftex.def)             Requested size: 222.50378pt x 166.87871pt.
 [42 <./figures/recontrucaof1.png> <./figures/reconstrucaof2.png> <./figures/recontrucaof3.png> <./figures/reconstrucaof4.png>]
<figures/matriz_escala_cinza.png, id=1002, 352.4367pt x 298.4751pt>
File: figures/matriz_escala_cinza.png Graphic file (type png)
<use figures/matriz_escala_cinza.png>
Package pdftex.def Info: figures/matriz_escala_cinza.png  used on input line 637.
(pdftex.def)             Requested size: 290.22105pt x 245.8032pt.
 [43] [44 <./figures/matriz_escala_cinza.png>] [45] [46]
<figures/conv1d.png, id=1054, 1445.4pt x 813.0375pt>
File: figures/conv1d.png Graphic file (type png)
<use figures/conv1d.png>
Package pdftex.def Info: figures/conv1d.png  used on input line 755.
(pdftex.def)             Requested size: 338.5863pt x 190.45595pt.
 [47 <./figures/conv1d.png (PNG copy)>] [48]
<figures/conv2.png, id=1070, 1445.4pt x 813.0375pt>
File: figures/conv2.png Graphic file (type png)
<use figures/conv2.png>
Package pdftex.def Info: figures/conv2.png  used on input line 835.
(pdftex.def)             Requested size: 338.5863pt x 190.45595pt.
<figures/convimg.jpg, id=1072, 750.805pt x 704.6325pt>
File: figures/convimg.jpg Graphic file (type jpg)
<use figures/convimg.jpg>
Package pdftex.def Info: figures/convimg.jpg  used on input line 853.
(pdftex.def)             Requested size: 338.5863pt x 317.76982pt.
 [49 <./figures/conv2.png (PNG copy)>] [50 <./figures/convimg.jpg>] [51]
<figures/padding.png, id=1103, 750.805pt x 252.945pt>
File: figures/padding.png Graphic file (type png)
<use figures/padding.png>
Package pdftex.def Info: figures/padding.png  used on input line 879.
(pdftex.def)             Requested size: 338.5863pt x 114.07121pt.
 [52 <./figures/padding.png>]
<figures/pooling.png, id=1116, 563.10374pt x 254.9525pt>
File: figures/pooling.png Graphic file (type png)
<use figures/pooling.png>
Package pdftex.def Info: figures/pooling.png  used on input line 912.
(pdftex.def)             Requested size: 241.84842pt x 109.49904pt.
 [53 <./figures/pooling.png>]
<figures/cnn.png, id=1132, 1445.4pt x 813.0375pt>
File: figures/cnn.png Graphic file (type png)
<use figures/cnn.png>
Package pdftex.def Info: figures/cnn.png  used on input line 954.
(pdftex.def)             Requested size: 338.5863pt x 190.45595pt.
 [54 <./figures/cnn.png (PNG copy)>]
<figures/deconv.png, id=1142, 1927.2pt x 711.65875pt>
File: figures/deconv.png Graphic file (type png)
<use figures/deconv.png>
Package pdftex.def Info: figures/deconv.png  used on input line 993.
(pdftex.def)             Requested size: 338.5863pt x 125.01994pt.
 [55]) [56 <./figures/deconv.png>]
Cap\'{\i }tulo 2.
(./chapters/chapter2.tex [57

]
<figures/AB.png, id=1169, 541.5432pt x 309.7974pt>
File: figures/AB.png Graphic file (type png)
<use figures/AB.png>
Package pdftex.def Info: figures/AB.png  used on input line 55.
(pdftex.def)             Requested size: 193.47577pt x 110.68082pt.
<figures/AUB.png, id=1170, 541.5432pt x 309.7974pt>
File: figures/AUB.png Graphic file (type png)
<use figures/AUB.png>
Package pdftex.def Info: figures/AUB.png  used on input line 62.
(pdftex.def)             Requested size: 193.47577pt x 110.68082pt.
<figures/A∩B.png, id=1171, 541.5432pt x 309.7974pt>
File: figures/A∩B.png Graphic file (type png)
<use figures/A∩B.png>
Package pdftex.def Info: figures/A∩B.png  used on input line 69.
(pdftex.def)             Requested size: 193.47577pt x 110.68082pt.
<figures/barA.png, id=1172, 541.5432pt x 309.7974pt>
File: figures/barA.png Graphic file (type png)
<use figures/barA.png>
Package pdftex.def Info: figures/barA.png  used on input line 76.
(pdftex.def)             Requested size: 193.47577pt x 110.68082pt.
 [58] [59 <./figures/AB.png> <./figures/AUB.png> <./figures/A∩B.png> <./figures/barA.png>] [60] [61]
<figures/esfuzzy.png, id=1209, 1445.4pt x 813.0375pt>
File: figures/esfuzzy.png Graphic file (type png)
<use figures/esfuzzy.png>
Package pdftex.def Info: figures/esfuzzy.png  used on input line 198.
(pdftex.def)             Requested size: 386.95894pt x 217.66217pt.
 [62]
<figures/mamdani.png, id=1220, 1445.4pt x 813.0375pt>
File: figures/mamdani.png Graphic file (type png)
<use figures/mamdani.png>
Package pdftex.def Info: figures/mamdani.png  used on input line 223.
(pdftex.def)             Requested size: 338.5863pt x 190.45595pt.
 [63 <./figures/esfuzzy.png (PNG copy)>]
<figures/tks.png, id=1231, 1445.4pt x 813.0375pt>
File: figures/tks.png Graphic file (type png)
<use figures/tks.png>
Package pdftex.def Info: figures/tks.png  used on input line 242.
(pdftex.def)             Requested size: 338.5863pt x 190.45595pt.
 [64 <./figures/mamdani.png (PNG copy)>] [65 <./figures/tks.png (PNG copy)>] [66]) [67]
Cap\'{\i }tulo 3.
(./chapters/chapter3.tex [68

]
<figures/unetimgs/ex_fig1.png, id=1265, 1445.4pt x 813.0375pt>
File: figures/unetimgs/ex_fig1.png Graphic file (type png)
<use figures/unetimgs/ex_fig1.png>
Package pdftex.def Info: figures/unetimgs/ex_fig1.png  used on input line 25.
(pdftex.def)             Requested size: 338.5863pt x 190.45595pt.
<figures/unetimgs/ex_fig2.png, id=1267, 1445.4pt x 813.0375pt>
File: figures/unetimgs/ex_fig2.png Graphic file (type png)
<use figures/unetimgs/ex_fig2.png>
Package pdftex.def Info: figures/unetimgs/ex_fig2.png  used on input line 36.
(pdftex.def)             Requested size: 386.95894pt x 217.66217pt.
 [69 <./figures/unetimgs/ex_fig1.png (PNG copy)>]
<figures/unetimgs/ex_fig3.png, id=1276, 1445.4pt x 813.0375pt>
File: figures/unetimgs/ex_fig3.png Graphic file (type png)
<use figures/unetimgs/ex_fig3.png>
Package pdftex.def Info: figures/unetimgs/ex_fig3.png  used on input line 49.
(pdftex.def)             Requested size: 386.95894pt x 217.66217pt.
 [70 <./figures/unetimgs/ex_fig2.png (PNG copy)> <./figures/unetimgs/ex_fig3.png (PNG copy)>]
<figures/unetimgs/ex_fig4.png, id=1283, 1445.4pt x 813.0375pt>
File: figures/unetimgs/ex_fig4.png Graphic file (type png)
<use figures/unetimgs/ex_fig4.png>
Package pdftex.def Info: figures/unetimgs/ex_fig4.png  used on input line 61.
(pdftex.def)             Requested size: 338.5863pt x 190.45595pt.
<figures/unetimgs/ex_fig5.png, id=1285, 1445.4pt x 813.0375pt>
File: figures/unetimgs/ex_fig5.png Graphic file (type png)
<use figures/unetimgs/ex_fig5.png>
Package pdftex.def Info: figures/unetimgs/ex_fig5.png  used on input line 72.
(pdftex.def)             Requested size: 362.77263pt x 204.05286pt.
 [71 <./figures/unetimgs/ex_fig4.png (PNG copy)> <./figures/unetimgs/ex_fig5.png (PNG copy)>]
<figures/unetimgs/ex_fig6.png, id=1291, 1445.4pt x 813.0375pt>
File: figures/unetimgs/ex_fig6.png Graphic file (type png)
<use figures/unetimgs/ex_fig6.png>
Package pdftex.def Info: figures/unetimgs/ex_fig6.png  used on input line 84.
(pdftex.def)             Requested size: 338.5863pt x 190.45595pt.
<figures/unetimgs/ex_fig7.png, id=1293, 1445.4pt x 813.0375pt>
File: figures/unetimgs/ex_fig7.png Graphic file (type png)
<use figures/unetimgs/ex_fig7.png>
Package pdftex.def Info: figures/unetimgs/ex_fig7.png  used on input line 93.
(pdftex.def)             Requested size: 386.95894pt x 217.66217pt.
 [72 <./figures/unetimgs/ex_fig6.png (PNG copy)> <./figures/unetimgs/ex_fig7.png (PNG copy)>]
<figures/unetimgs/ex_fig8.png, id=1299, 1445.4pt x 813.0375pt>
File: figures/unetimgs/ex_fig8.png Graphic file (type png)
<use figures/unetimgs/ex_fig8.png>
Package pdftex.def Info: figures/unetimgs/ex_fig8.png  used on input line 105.
(pdftex.def)             Requested size: 362.77263pt x 204.05286pt.
<figures/unetimgs/ex_fig9.png, id=1301, 1445.4pt x 813.0375pt>
File: figures/unetimgs/ex_fig9.png Graphic file (type png)
<use figures/unetimgs/ex_fig9.png>
Package pdftex.def Info: figures/unetimgs/ex_fig9.png  used on input line 113.
(pdftex.def)             Requested size: 362.77263pt x 204.05286pt.
 [73 <./figures/unetimgs/ex_fig8.png (PNG copy)> <./figures/unetimgs/ex_fig9.png (PNG copy)>]
<figures/unetimgs/concatenacao.png, id=1308, 1445.4pt x 813.0375pt>
File: figures/unetimgs/concatenacao.png Graphic file (type png)
<use figures/unetimgs/concatenacao.png>
Package pdftex.def Info: figures/unetimgs/concatenacao.png  used on input line 127.
(pdftex.def)             Requested size: 314.39998pt x 176.84663pt.
<figures/unetimgs/ex_fig10.png, id=1310, 1445.4pt x 813.0375pt>
File: figures/unetimgs/ex_fig10.png Graphic file (type png)
<use figures/unetimgs/ex_fig10.png>
Package pdftex.def Info: figures/unetimgs/ex_fig10.png  used on input line 139.
(pdftex.def)             Requested size: 386.95894pt x 217.66217pt.
 [74 <./figures/unetimgs/concatenacao.png (PNG copy)> <./figures/unetimgs/ex_fig10.png (PNG copy)>]
<figures/unetimgs/ex_fig11.png, id=1316, 1445.4pt x 813.0375pt>
File: figures/unetimgs/ex_fig11.png Graphic file (type png)
<use figures/unetimgs/ex_fig11.png>
Package pdftex.def Info: figures/unetimgs/ex_fig11.png  used on input line 148.
(pdftex.def)             Requested size: 386.95894pt x 217.66217pt.
 [75 <./figures/unetimgs/ex_fig11.png (PNG copy)>]
<figures/unetimgs/ex_unet.png, id=1329, 1220.30907pt x 813.0375pt>
File: figures/unetimgs/ex_unet.png Graphic file (type png)
<use figures/unetimgs/ex_unet.png>
Package pdftex.def Info: figures/unetimgs/ex_unet.png  used on input line 204.
(pdftex.def)             Requested size: 435.32419pt x 290.0384pt.
 [76] [77 <./figures/unetimgs/ex_unet.png (PNG copy)>] [78]
<figures/cap3/imgdimensoes.png, id=1367, 752.8125pt x 978.65625pt>
File: figures/cap3/imgdimensoes.png Graphic file (type png)
<use figures/cap3/imgdimensoes.png>
Package pdftex.def Info: figures/cap3/imgdimensoes.png  used on input line 252.
(pdftex.def)             Requested size: 386.95894pt x 503.06535pt.
 [79] [80 <./figures/cap3/imgdimensoes.png (PNG copy)>]
<figures/gaussiana.png, id=1387, 416.757pt x 318.4698pt>
File: figures/gaussiana.png Graphic file (type png)
<use figures/gaussiana.png>
Package pdftex.def Info: figures/gaussiana.png  used on input line 271.
(pdftex.def)             Requested size: 290.22105pt x 221.77563pt.
 [81 <./figures/gaussiana.png>]
<figures/cap3/Baseline.png, id=1394, 813.0375pt x 813.0375pt>
File: figures/cap3/Baseline.png Graphic file (type png)
<use figures/cap3/Baseline.png>
Package pdftex.def Info: figures/cap3/Baseline.png  used on input line 292.
(pdftex.def)             Requested size: 290.22105pt x 290.21208pt.
 [82] [83 <./figures/cap3/Baseline.png (PNG copy)>] [84]) [85]
Cap\'{\i }tulo 4.
(./chapters/chapter4.tex
<figures/olho_lombo.png, id=1442, 752.8125pt x 752.8125pt>
File: figures/olho_lombo.png Graphic file (type png)
<use figures/olho_lombo.png>
Package pdftex.def Info: figures/olho_lombo.png  used on input line 17.
(pdftex.def)             Requested size: 241.84842pt x 241.84685pt.
 [86

]
File: figures/olho_lombo.png Graphic file (type png)
<use figures/olho_lombo.png>
Package pdftex.def Info: figures/olho_lombo.png  used on input line 29.
(pdftex.def)             Requested size: 193.47577pt x 193.47517pt.
<figures/OL.jpg, id=1460, 481.8pt x 361.35pt>
File: figures/OL.jpg Graphic file (type jpg)
<use figures/OL.jpg>
Package pdftex.def Info: figures/OL.jpg  used on input line 34.
(pdftex.def)             Requested size: 193.47577pt x 145.10535pt.
<figures/cap3/EGG.jpg, id=1461, 481.8pt x 361.35pt>
File: figures/cap3/EGG.jpg Graphic file (type jpg)
<use figures/cap3/EGG.jpg>
Package pdftex.def Info: figures/cap3/EGG.jpg  used on input line 39.
(pdftex.def)             Requested size: 193.47577pt x 145.10535pt.
File: figures/cap3/EGG.jpg Graphic file (type jpg)
<use figures/cap3/EGG.jpg>
Package pdftex.def Info: figures/cap3/EGG.jpg  used on input line 44.
(pdftex.def)             Requested size: 193.47577pt x 145.10535pt.
 [87 <./figures/olho_lombo.png (PNG copy)>]
<figures/AOL.png, id=1471, 648.4225pt x 484.81125pt>
File: figures/AOL.png Graphic file (type png)
<use figures/AOL.png>
Package pdftex.def Info: figures/AOL.png  used on input line 55.
(pdftex.def)             Requested size: 338.5863pt x 253.15376pt.
 [88 <./figures/OL.jpg> <./figures/cap3/EGG.jpg>]
File: figures/introducao/EGL.png Graphic file (type png)
<use figures/introducao/EGL.png>
Package pdftex.def Info: figures/introducao/EGL.png  used on input line 67.
(pdftex.def)             Requested size: 483.69684pt x 161.23123pt.
<figures/cap3/medidaEGG.png, id=1487, 1129.21875pt x 376.40625pt>
File: figures/cap3/medidaEGG.png Graphic file (type png)
<use figures/cap3/medidaEGG.png>
Package pdftex.def Info: figures/cap3/medidaEGG.png  used on input line 77.
(pdftex.def)             Requested size: 483.69684pt x 161.23123pt.
 [89 <./figures/AOL.png>] [90 <./figures/cap3/medidaEGG.png (PNG copy)>]
<figures/cap3/augmentation.png, id=1502, 752.8125pt x 903.375pt>
File: figures/cap3/augmentation.png Graphic file (type png)
<use figures/cap3/augmentation.png>
Package pdftex.def Info: figures/cap3/augmentation.png  used on input line 99.
(pdftex.def)             Requested size: 290.22105pt x 348.27602pt.
 [91]
<figures/cap3/mascaras.png, id=1515, 752.8125pt x 752.8125pt>
File: figures/cap3/mascaras.png Graphic file (type png)
<use figures/cap3/mascaras.png>
Package pdftex.def Info: figures/cap3/mascaras.png  used on input line 113.
(pdftex.def)             Requested size: 217.6621pt x 217.65527pt.
<figures/cap3/mascaras2.png, id=1516, 752.8125pt x 752.8125pt>
File: figures/cap3/mascaras2.png Graphic file (type png)
<use figures/cap3/mascaras2.png>
Package pdftex.def Info: figures/cap3/mascaras2.png  used on input line 118.
(pdftex.def)             Requested size: 217.6621pt x 217.65527pt.
 [92 <./figures/cap3/augmentation.png (PNG copy)>] [93 <./figures/cap3/mascaras.png (PNG copy)> <./figures/cap3/mascaras2.png (PNG copy)>] [94] [95] [96]
<figures/cap3/rquadradounet.jpeg, id=1556, 592.2125pt x 592.2125pt>
File: figures/cap3/rquadradounet.jpeg Graphic file (type jpg)
<use figures/cap3/rquadradounet.jpeg>
Package pdftex.def Info: figures/cap3/rquadradounet.jpeg  used on input line 235.
(pdftex.def)             Requested size: 217.6621pt x 217.66032pt.
<figures/cap3/AOL_Unet128_k_4.png, id=1557, 1355.0625pt x 677.53125pt>
File: figures/cap3/AOL_Unet128_k_4.png Graphic file (type png)
<use figures/cap3/AOL_Unet128_k_4.png>
Package pdftex.def Info: figures/cap3/AOL_Unet128_k_4.png  used on input line 240.
(pdftex.def)             Requested size: 483.69684pt x 241.8434pt.
<figures/cap3/rquadradofuzzy.jpeg, id=1560, 591.20876pt x 592.2125pt>
File: figures/cap3/rquadradofuzzy.jpeg Graphic file (type jpg)
<use figures/cap3/rquadradofuzzy.jpeg>
Package pdftex.def Info: figures/cap3/rquadradofuzzy.jpeg  used on input line 260.
(pdftex.def)             Requested size: 217.6621pt x 218.03082pt.
<figures/cap3/AOL_fuzzy128_k_4.png, id=1561, 1355.0625pt x 677.53125pt>
File: figures/cap3/AOL_fuzzy128_k_4.png Graphic file (type png)
<use figures/cap3/AOL_fuzzy128_k_4.png>
Package pdftex.def Info: figures/cap3/AOL_fuzzy128_k_4.png  used on input line 265.
(pdftex.def)             Requested size: 483.69684pt x 241.8434pt.
 [97] [98 <./figures/cap3/rquadradounet.jpeg> <./figures/cap3/AOL_Unet128_k_4.png (PNG copy)>] [99 <./figures/cap3/rquadradofuzzy.jpeg> <./figures/cap3/AOL_fuzzy128_k_4.png (PNG copy)>] [100]) (./main.bbl [101]
Underfull \hbox (badness 5756) in paragraph at lines 66--69
[]\OT1/cmr/m/n/12 DEEP LE-AR-NING BOOK. \OT1/cmr/m/it/12 Cap^^S^^Ptulo 19: Over-fit-ting e Re-gu-la-riza^^Xc~ao: Parte 1\OT1/cmr/m/n/12 .
 []


Underfull \hbox (badness 3646) in paragraph at lines 66--69
\OT1/cmr/m/n/12 2025. Aces-sado: 2026-01-26. Dis-pon^^S^^Pvel em: []$\OMS/cmsy/m/n/12 h\OT1/cmr/m/n/12 https : / / www . deeplearningbook . com . br /
 []

[102

]
Underfull \hbox (badness 2409) in paragraph at lines 111--114
[]\OT1/cmr/m/n/12 GRUPO AGRO PA-RAN[]A. \OT1/cmr/m/it/12 Ul-tras-som de carca^^Xca: pre-cis~ao gen^^Setica com tec-no-lo-gia\OT1/cmr/m/n/12 .
 []


Underfull \hbox (badness 3138) in paragraph at lines 111--114
\OT1/cmr/m/n/12 2024. Acesso em: 19 abr. 2026. Dis-pon^^S^^Pvel em: []$\OMS/cmsy/m/n/12 h\OT1/cmr/m/n/12 https : / / grupoagroparana . com . br /
 []


Underfull \hbox (badness 10000) in paragraph at lines 150--153
[]\OT1/cmr/m/n/12 LAMAS, F. M. \OT1/cmr/m/it/12 Ar-tigo - A evolu^^Xc~ao da agri-cul-tura no Bra-sil\OT1/cmr/m/n/12 . 2023. Aces-
 []


Underfull \hbox (badness 10000) in paragraph at lines 150--153
\OT1/cmr/m/n/12 sado: 2026-04-3. Dis-pon^^S^^Pvel em: []$\OMS/cmsy/m/n/12 h\OT1/cmr/m/n/12 https : / / www . embrapa . br / web / portal /
 []


Underfull \hbox (badness 10000) in paragraph at lines 150--153
\OT1/cmr/m/n/12 tema-[]integracao-[]lavoura-[]pecuaria-[]^^Moresta-[]ilpf / busca-[]de-[]noticias / -[] / noticia / 81665485 /
 []

[103] [104]
Underfull \hbox (badness 10000) in paragraph at lines 267--270
[]\OT1/cmr/m/n/12 TREVISAN, V. \OT1/cmr/m/it/12 Como fun-ci-o-nam as Re-des Neu-rais Con-vo-lu-ci-o-nais (CNNs)\OT1/cmr/m/n/12 .
 []


Underfull \hbox (badness 10000) in paragraph at lines 267--270
\OT1/cmr/m/n/12 2021. Aces-sado: 2025-12-16. Dis-pon^^S^^Pvel em: []$\OMS/cmsy/m/n/12 h\OT1/cmr/m/n/12 https : / / medium . com / data-[]hackers /
 []

) [105] (./main.aux)
 ***********
LaTeX2e <2023-11-01> patch level 1
L3 programming layer <2024-01-22>
 ***********
Package rerunfilecheck Info: File `main.out' has not changed.
(rerunfilecheck)             Checksum: B53893083EDD516585A40ECBAF6018C0;12010.
 ) 
Here is how much of TeX's memory you used:
 29433 strings out of 476089
 560445 string characters out of 5793232
 1950975 words of memory out of 5000000
 50578 multiletter control sequences out of 15000+600000
 574973 words of font info for 100 fonts, out of 8000000 for 9000
 61 hyphenation exceptions out of 8191
 88i,21n,92p,2024b,662s stack positions out of 10000i,1000n,20000p,200000b,200000s
 </home/victors/.texlive2023/texmf-var/fonts/pk/ljfour/jknappen/ec/tcti1200.600pk> </home/victors/.texlive2023/texmf-var/fonts/pk/ljfour/jknappen/ec/tcrm1200.600pk></usr/share/texlive/texmf-dist/fonts/type1/public/amsfonts/cm/cmbx12.pfb></usr/share/texlive/texmf-dist/fonts/type1/public/amsfonts/cm/cmbxti10.pfb></usr/share/texlive/texmf-dist/fonts/type1/public/amsfonts/cm/cmex10.pfb></usr/share/texlive/texmf-dist/fonts/type1/public/amsfonts/cmextra/cmex8.pfb></usr/share/texlive/texmf-dist/fonts/type1/public/amsfonts/cm/cmmi10.pfb></usr/share/texlive/texmf-dist/fonts/type1/public/amsfonts/cm/cmmi12.pfb></usr/share/texlive/texmf-dist/fonts/type1/public/amsfonts/cm/cmmi6.pfb></usr/share/texlive/texmf-dist/fonts/type1/public/amsfonts/cm/cmmi8.pfb></usr/share/texlive/texmf-dist/fonts/type1/public/amsfonts/cm/cmr10.pfb></usr/share/texlive/texmf-dist/fonts/type1/public/amsfonts/cm/cmr12.pfb></usr/share/texlive/texmf-dist/fonts/type1/public/amsfonts/cm/cmr6.pfb></usr/share/texlive/texmf-dist/fonts/type1/public/amsfonts/cm/cmr7.pfb></usr/share/texlive/texmf-dist/fonts/type1/public/amsfonts/cm/cmr8.pfb></usr/share/texlive/texmf-dist/fonts/type1/public/amsfonts/cm/cmsy10.pfb></usr/share/texlive/texmf-dist/fonts/type1/public/amsfonts/cm/cmsy6.pfb></usr/share/texlive/texmf-dist/fonts/type1/public/amsfonts/cm/cmsy8.pfb></usr/share/texlive/texmf-dist/fonts/type1/public/amsfonts/cm/cmti10.pfb></usr/share/texlive/texmf-dist/fonts/type1/public/amsfonts/cm/cmti12.pfb></usr/share/texlive/texmf-dist/fonts/type1/public/amsfonts/symbols/msbm10.pfb>
Output written on main.pdf (105 pages, 11814930 bytes).
PDF statistics:
 1826 PDF objects out of 2073 (max. 8388607)
 1536 compressed objects within 16 object streams
 380 named destinations out of 1000 (max. 500000)
 924 words of extra memory for PDF output out of 10000 (max. 10000000)

