\BOOKMARK [0][-]{chapter*.1}{\376\377\000A\000g\000r\000a\000d\000e\000c\000i\000m\000e\000n\000t\000o\000s}{}% 1
\BOOKMARK [0][-]{chapter*.2}{\376\377\000R\000e\000s\000u\000m\000o}{}% 2
\BOOKMARK [0][-]{chapter*.3}{\376\377\000L\000i\000s\000t\000a\000\040\000d\000e\000\040\000F\000i\000g\000u\000r\000a\000s}{}% 3
\BOOKMARK [0][-]{chapter*.4}{\376\377\000L\000i\000s\000t\000a\000\040\000d\000e\000\040\000T\000a\000b\000e\000l\000a\000s}{}% 4
\BOOKMARK [0][-]{chapter*.6}{\376\377\000I\000n\000t\000r\000o\000d\000u\000\347\000\343\000o}{}% 5
\BOOKMARK [0][-]{chapter.1}{\376\377\000F\000u\000n\000d\000a\000m\000e\000n\000t\000a\000\347\000\343\000o\000\040\000T\000e\000\363\000r\000i\000c\000a}{}% 6
\BOOKMARK [1][-]{subsection.1.0.1}{\376\377\000U\000n\000i\000d\000a\000d\000e\000/\000N\000e\000u\000r\000\364\000n\000i\000o}{chapter.1}% 7
\BOOKMARK [2][-]{subsection.1.0.2}{\376\377\000N\000e\000u\000r\000\364\000n\000i\000o\000\040\000B\000i\000o\000l\000\363\000g\000i\000c\000o}{subsection.1.0.1}% 8
\BOOKMARK [2][-]{subsection.1.0.3}{\376\377\000U\000n\000i\000d\000a\000d\000e}{subsection.1.0.1}% 9
\BOOKMARK [2][-]{subsection.1.0.4}{\376\377\000\040\000T\000i\000p\000o\000s\000\040\000d\000e\000\040\000F\000u\000n\000\347\000\343\000o\000\040\000d\000e\000\040\000A\000t\000i\000v\000a\000\347\000\343\000o}{subsection.1.0.1}% 10
\BOOKMARK [2][-]{subsection.1.0.5}{\376\377\000P\000e\000r\000c\000e\000p\000t\000r\000o\000n\000\040\000e\000\040\000A\000l\000g\000o\000r\000\355\000t\000m\000o\000\040\000d\000e\000\040\000A\000p\000r\000e\000n\000d\000i\000z\000a\000g\000e\000m}{subsection.1.0.1}% 11
\BOOKMARK [1][-]{section.1.1}{\376\377\000R\000e\000d\000e\000s\000\040\000N\000e\000u\000r\000a\000i\000s}{chapter.1}% 12
\BOOKMARK [2][-]{subsection.1.1.1}{\376\377\000A\000r\000q\000u\000i\000t\000e\000t\000u\000r\000a\000s\000\040\000d\000e\000\040\000R\000e\000d\000e\000s\000\040\000N\000e\000u\000r\000a\000i\000s}{section.1.1}% 13
\BOOKMARK [2][-]{subsection.1.1.2}{\376\377\000B\000a\000c\000k\000p\000r\000o\000p\000a\000g\000a\000t\000i\000o\000n}{section.1.1}% 14
\BOOKMARK [2][-]{subsection.1.1.3}{\376\377\000G\000r\000a\000d\000i\000e\000n\000t\000e\000\040\000D\000e\000s\000c\000e\000n\000d\000e\000n\000t\000e\000\040\000E\000s\000t\000o\000c\000\341\000s\000t\000i\000c\000o}{section.1.1}% 15
\BOOKMARK [1][-]{section.1.2}{\376\377\000O\000v\000e\000r\000f\000i\000t\000t\000i\000n\000g}{chapter.1}% 16
\BOOKMARK [2][-]{subsection.1.2.1}{\376\377\000H\000i\000p\000e\000r\000p\000a\000r\000\342\000m\000e\000t\000r\000o\000s}{section.1.2}% 17
\BOOKMARK [2][-]{subsection.1.2.2}{\376\377\000R\000e\000g\000u\000l\000a\000r\000i\000z\000a\000\347\000\343\000o}{section.1.2}% 18
\BOOKMARK [2][-]{subsection.1.2.3}{\376\377\000M\000o\000m\000e\000n\000t\000u\000m}{section.1.2}% 19
\BOOKMARK [2][-]{subsection.1.2.4}{\376\377\000V\000a\000n\000i\000s\000h\000i\000n\000g\000\040\000G\000r\000a\000d\000i\000e\000n\000t}{section.1.2}% 20
\BOOKMARK [2][-]{subsection.1.2.5}{\376\377\000C\000\363\000r\000t\000e\000x\000\040\000V\000i\000s\000u\000a\000l\000\040\000H\000u\000m\000a\000n\000o\000\040\000e\000\040\000V\000i\000s\000\343\000o\000\040\000C\000o\000m\000p\000u\000t\000a\000c\000i\000o\000n\000a\000l}{section.1.2}% 21
\BOOKMARK [2][-]{subsection.1.2.6}{\376\377\000D\000\355\000g\000i\000t\000o\000s\000\040\000M\000a\000n\000u\000s\000c\000r\000i\000t\000o\000s}{section.1.2}% 22
\BOOKMARK [1][-]{section.1.3}{\376\377\000R\000e\000d\000e\000s\000\040\000N\000e\000u\000r\000a\000i\000s\000\040\000C\000o\000n\000v\000o\000l\000u\000c\000i\000o\000n\000a\000i\000s}{chapter.1}% 23
\BOOKMARK [2][-]{subsection.1.3.1}{\376\377\000C\000o\000n\000v\000o\000l\000u\000\347\000\343\000o}{section.1.3}% 24
\BOOKMARK [2][-]{subsection.1.3.2}{\376\377\000K\000e\000r\000n\000e\000l\000\040\000M\000u\000l\000t\000i\000c\000a\000m\000a\000d\000a\000s}{section.1.3}% 25
\BOOKMARK [2][-]{subsection.1.3.3}{\376\377\000P\000a\000d\000d\000i\000n\000g}{section.1.3}% 26
\BOOKMARK [2][-]{subsection.1.3.4}{\376\377\000P\000o\000o\000l\000i\000n\000g}{section.1.3}% 27
\BOOKMARK [2][-]{subsection.1.3.5}{\376\377\000S\000t\000r\000i\000d\000e}{section.1.3}% 28
\BOOKMARK [2][-]{subsection.1.3.6}{\376\377\000C\000o\000n\000v\000o\000l\000u\000\347\000\343\000o\000\040\000T\000r\000a\000n\000s\000p\000o\000s\000t\000a}{section.1.3}% 29
\BOOKMARK [1][-]{section.1.4}{\376\377\000U\000-\000n\000e\000t}{chapter.1}% 30
\BOOKMARK [2][-]{subsection.1.4.1}{\376\377\000C\000o\000p\000y\000\040\000a\000n\000d\000\040\000C\000r\000o\000p}{section.1.4}% 31
